<html>
<body>
<pre>
<h1>µVision Build Log</h1>
<h2>Tool Versions:</h2>
IDE-Version: µVision V5.31.0.0
Copyright (C) 2020 ARM Ltd and ARM Germany GmbH. All rights reserved.
License Information: QUAN NGUYEN, PTIT, LIC=UJWP0-BJ167-Z9LG9-4C345-RI7F6-DK5QU
 
Tool Versions:
Toolchain:       MDK-ARM Plus  Version: 5.31.0.0
Toolchain Path:  C:\Keil_v5\ARM\ARMCLANG\Bin
C Compiler:      ArmClang.exe V6.14
Assembler:       Armasm.exe V6.14
Linker/Locator:  ArmLink.exe V6.14
Library Manager: ArmAr.exe V6.14
Hex Converter:   FromElf.exe V6.14
CPU DLL:         SARMCM3.DLL V5.31.0.0
Dialog DLL:      DCM.DLL V1.17.3.0
Target DLL:      STLink\ST-LINKIII-KEIL_SWO.dll V3.0.7.0
Dialog DLL:      TCM.DLL V1.46.0.0
 
<h2>Project:</h2>
D:\PTIT\Ky 8\Mang-cam-bien\B2_B22DCDT248_Nguyen Minh Quan\bai2mcb\bai2mcb.uvprojx
Project File Date:  03/05/2026

<h2>Output:</h2>
*** Using Compiler 'V6.14', folder: 'C:\Keil_v5\ARM\ARMCLANG\Bin'
Rebuild target 'Target 1'
RTE/Device/STM32F103C8/system_stm32f10x.c(166): warning: no previous extern declaration for non-static variable 'AHBPrescTable' [-Wmissing-variable-declarations]
__I uint8_t AHBPrescTable[16] = {0, 0, 0, 0, 0, 0, 0, 0, 1, 2, 3, 4, 6, 7, 8, 9};
            ^
RTE/Device/STM32F103C8/system_stm32f10x.c(166): note: declare 'static' if the variable is not intended to be used outside of this translation unit
__I uint8_t AHBPrescTable[16] = {0, 0, 0, 0, 0, 0, 0, 0, 1, 2, 3, 4, 6, 7, 8, 9};
    ^
1 warning generated.
compiling system_stm32f10x.c...
adxl345.c(1): warning: In file included from...
./adxl345.h(9): warning: no newline at end of file [-Wnewline-eof]
#endif
      ^
adxl345.c(46): warning: no newline at end of file [-Wnewline-eof]
}
 ^
2 warnings generated.
compiling adxl345.c...
ds18b20.c(1): warning: In file included from...
./ds18b20.h(10): warning: no newline at end of file [-Wnewline-eof]
#endif
      ^
ds18b20.c(51): warning: no newline at end of file [-Wnewline-eof]
}
 ^
2 warnings generated.
compiling ds18b20.c...
uart.c(1): warning: In file included from...
./uart.h(10): warning: no newline at end of file [-Wnewline-eof]
#endif
      ^
uart.c(21): warning: no newline at end of file [-Wnewline-eof]
}
 ^
2 warnings generated.
compiling uart.c...
assembling startup_stm32f10x_md.s...
bh1750.c(1): warning: In file included from...
./bh1750.h(9): warning: no newline at end of file [-Wnewline-eof]
#endif
      ^
bh1750.c(86): warning: no newline at end of file [-Wnewline-eof]
}
 ^
2 warnings generated.
compiling bh1750.c...
main.c(5): warning: In file included from...
./ds18b20.h(10): warning: no newline at end of file [-Wnewline-eof]
#endif
      ^
main.c(6): warning: In file included from...
./bh1750.h(9): warning: no newline at end of file [-Wnewline-eof]
#endif
      ^
main.c(7): warning: In file included from...
./adxl345.h(9): warning: no newline at end of file [-Wnewline-eof]
#endif
      ^
main.c(8): warning: In file included from...
./uart.h(10): warning: no newline at end of file [-Wnewline-eof]
#endif
      ^
main.c(15): warning: no previous prototype for function 'Delay_us' [-Wmissing-prototypes]
void Delay_us(uint32_t us) {
     ^
main.c(15): note: declare 'static' if the function is not intended to be used outside of this translation unit
void Delay_us(uint32_t us) {
^
static 
main.c(23): warning: no previous prototype for function 'Delay_ms' [-Wmissing-prototypes]
void Delay_ms(uint32_t ms) {
     ^
main.c(23): note: declare 'static' if the function is not intended to be used outside of this translation unit
void Delay_ms(uint32_t ms) {
^
static 
main.c(78): warning: no newline at end of file [-Wnewline-eof]
}
 ^
7 warnings generated.
compiling main.c...
linking...
Program Size: Code=7288 RO-data=508 RW-data=0 ZI-data=1760  
".\Objects\bai2mcb.axf" - 0 Error(s), 16 Warning(s).

<h2>Software Packages used:</h2>

Package Vendor: ARM
                http://www.keil.com/pack/ARM.CMSIS.5.9.0.pack
                ARM.CMSIS.5.9.0
                CMSIS (Common Microcontroller Software Interface Standard)
   * Component: CORE Version: 5.6.0

Package Vendor: Keil
                https://www.keil.com/pack/Keil.STM32F1xx_DFP.2.4.1.pack
                Keil.STM32F1xx_DFP.2.4.1
                STMicroelectronics STM32F1 Series Device Support, Drivers and Examples
   * Component: Startup Version: 1.0.0

<h2>Collection of Component include folders:</h2>
  .\RTE\Device\STM32F103C8
  .\RTE\_Target_1
  C:\Users\nguye\AppData\Local\Arm\Packs\ARM\CMSIS\5.9.0\CMSIS\Core\Include
  C:\Users\nguye\AppData\Local\Arm\Packs\Keil\STM32F1xx_DFP\2.4.1\Device\Include

<h2>Collection of Component Files used:</h2>

   * Component: ARM::CMSIS:CORE:5.6.0

   * Component: Keil::Device:Startup:1.0.0
      Source file:   Device\Source\system_stm32f10x.c
      Include file:  RTE_Driver\Config\RTE_Device.h
      Source file:   Device\Source\ARM\STM32F1xx_OPT.s
      Source file:   Device\Source\ARM\startup_stm32f10x_md.s
Build Time Elapsed:  00:00:01
</pre>
</body>
</html>
